Hello63.173.168.120 - - [04/Nov/2021:15:07:25 -0500] "GET /search/tag/list HTTP/1.0" 200 5003
data-prepper - - [04/Nov/2021:15:07:25 -0500] "GET /search/tag/list HTTP/1.0" 200 4900
